// Jest Snapshot v1, https://goo.gl/fbAQLP

exports[`Loader should render a loader 1`] = `
<div
  className="loader"
>
  <img
    alt="loader"
    src="image/mock/url.png"
  />
</div>
`;
